  Determining projects to restore...
  All projects are up-to-date for restore.
  QuanLyNhanVien.Models -> C:\QuanLyNhanVien\QuanLyNhanVien.Models\bin\Debug\net8.0\QuanLyNhanVien.Models.dll
  QuanLyNhanVien.DAL -> C:\QuanLyNhanVien\QuanLyNhanVien.DAL\bin\Debug\net8.0\QuanLyNhanVien.DAL.dll
  QuanLyNhanVien.BLL -> C:\QuanLyNhanVien\QuanLyNhanVien.BLL\bin\Debug\net8.0\QuanLyNhanVien.BLL.dll
C:\QuanLyNhanVien\QuanLyNhanVien.Tests\UserServiceTests.cs(33,37): error CS1061: 'UserService' does not contain a definition for 'CreateUserAsync' and no accessible extension method 'CreateUserAsync' accepting a first argument of type 'UserService' could be found (are you missing a using directive or an assembly reference?) [C:\QuanLyNhanVien\QuanLyNhanVien.Tests\QuanLyNhanVien.Tests.csproj]
C:\QuanLyNhanVien\QuanLyNhanVien.Tests\DepartmentServiceTests.cs(29,33): error CS1061: '(bool Success, string Message, int Id)' does not contain a definition for 'Ok' and no accessible extension method 'Ok' accepting a first argument of type '(bool Success, string Message, int Id)' could be found (are you missing a using directive or an assembly reference?) [C:\QuanLyNhanVien\QuanLyNhanVien.Tests\QuanLyNhanVien.Tests.csproj]
C:\QuanLyNhanVien\QuanLyNhanVien.Tests\DepartmentServiceTests.cs(30,53): error CS1061: '(bool Success, string Message, int Id)' does not contain a definition for 'Msg' and no accessible extension method 'Msg' accepting a first argument of type '(bool Success, string Message, int Id)' could be found (are you missing a using directive or an assembly reference?) [C:\QuanLyNhanVien\QuanLyNhanVien.Tests\QuanLyNhanVien.Tests.csproj]
C:\QuanLyNhanVien\QuanLyNhanVien.Tests\PositionServiceTests.cs(29,33): error CS1061: '(bool Success, string Message, int Id)' does not contain a definition for 'Ok' and no accessible extension method 'Ok' accepting a first argument of type '(bool Success, string Message, int Id)' could be found (are you missing a using directive or an assembly reference?) [C:\QuanLyNhanVien\QuanLyNhanVien.Tests\QuanLyNhanVien.Tests.csproj]
C:\QuanLyNhanVien\QuanLyNhanVien.Tests\PositionServiceTests.cs(30,51): error CS1061: '(bool Success, string Message, int Id)' does not contain a definition for 'Msg' and no accessible extension method 'Msg' accepting a first argument of type '(bool Success, string Message, int Id)' could be found (are you missing a using directive or an assembly reference?) [C:\QuanLyNhanVien\QuanLyNhanVien.Tests\QuanLyNhanVien.Tests.csproj]
C:\QuanLyNhanVien\QuanLyNhanVien.Tests\DepartmentServiceTests.cs(38,33): error CS1061: '(bool Success, string Message, int Id)' does not contain a definition for 'Ok' and no accessible extension method 'Ok' accepting a first argument of type '(bool Success, string Message, int Id)' could be found (are you missing a using directive or an assembly reference?) [C:\QuanLyNhanVien\QuanLyNhanVien.Tests\QuanLyNhanVien.Tests.csproj]
C:\QuanLyNhanVien\QuanLyNhanVien.Tests\DepartmentServiceTests.cs(39,52): error CS1061: '(bool Success, string Message, int Id)' does not contain a definition for 'Msg' and no accessible extension method 'Msg' accepting a first argument of type '(bool Success, string Message, int Id)' could be found (are you missing a using directive or an assembly reference?) [C:\QuanLyNhanVien\QuanLyNhanVien.Tests\QuanLyNhanVien.Tests.csproj]
C:\QuanLyNhanVien\QuanLyNhanVien.Tests\UserServiceTests.cs(44,37): error CS1061: 'UserService' does not contain a definition for 'CreateUserAsync' and no accessible extension method 'CreateUserAsync' accepting a first argument of type 'UserService' could be found (are you missing a using directive or an assembly reference?) [C:\QuanLyNhanVien\QuanLyNhanVien.Tests\QuanLyNhanVien.Tests.csproj]
C:\QuanLyNhanVien\QuanLyNhanVien.Tests\DepartmentServiceTests.cs(49,32): error CS1061: '(bool Success, string Message, int Id)' does not contain a definition for 'Ok' and no accessible extension method 'Ok' accepting a first argument of type '(bool Success, string Message, int Id)' could be found (are you missing a using directive or an assembly reference?) [C:\QuanLyNhanVien\QuanLyNhanVien.Tests\QuanLyNhanVien.Tests.csproj]
C:\QuanLyNhanVien\QuanLyNhanVien.Tests\PositionServiceTests.cs(40,32): error CS1061: '(bool Success, string Message, int Id)' does not contain a definition for 'Ok' and no accessible extension method 'Ok' accepting a first argument of type '(bool Success, string Message, int Id)' could be found (are you missing a using directive or an assembly reference?) [C:\QuanLyNhanVien\QuanLyNhanVien.Tests\QuanLyNhanVien.Tests.csproj]
C:\QuanLyNhanVien\QuanLyNhanVien.Tests\PositionServiceTests.cs(50,33): error CS1061: '(bool Success, string Message)' does not contain a definition for 'Ok' and no accessible extension method 'Ok' accepting a first argument of type '(bool Success, string Message)' could be found (are you missing a using directive or an assembly reference?) [C:\QuanLyNhanVien\QuanLyNhanVien.Tests\QuanLyNhanVien.Tests.csproj]
C:\QuanLyNhanVien\QuanLyNhanVien.Tests\DepartmentServiceTests.cs(59,33): error CS1061: '(bool Success, string Message)' does not contain a definition for 'Ok' and no accessible extension method 'Ok' accepting a first argument of type '(bool Success, string Message)' could be found (are you missing a using directive or an assembly reference?) [C:\QuanLyNhanVien\QuanLyNhanVien.Tests\QuanLyNhanVien.Tests.csproj]
C:\QuanLyNhanVien\QuanLyNhanVien.Tests\DepartmentServiceTests.cs(69,32): error CS1061: '(bool Success, string Message)' does not contain a definition for 'Ok' and no accessible extension method 'Ok' accepting a first argument of type '(bool Success, string Message)' could be found (are you missing a using directive or an assembly reference?) [C:\QuanLyNhanVien\QuanLyNhanVien.Tests\QuanLyNhanVien.Tests.csproj]
C:\QuanLyNhanVien\QuanLyNhanVien.Tests\PositionServiceTests.cs(60,32): error CS1061: '(bool Success, string Message)' does not contain a definition for 'Ok' and no accessible extension method 'Ok' accepting a first argument of type '(bool Success, string Message)' could be found (are you missing a using directive or an assembly reference?) [C:\QuanLyNhanVien\QuanLyNhanVien.Tests\QuanLyNhanVien.Tests.csproj]
C:\QuanLyNhanVien\QuanLyNhanVien.Tests\UserServiceTests.cs(59,37): error CS1061: 'UserService' does not contain a definition for 'CreateUserAsync' and no accessible extension method 'CreateUserAsync' accepting a first argument of type 'UserService' could be found (are you missing a using directive or an assembly reference?) [C:\QuanLyNhanVien\QuanLyNhanVien.Tests\QuanLyNhanVien.Tests.csproj]
C:\QuanLyNhanVien\QuanLyNhanVien.Tests\DepartmentServiceTests.cs(80,33): error CS1061: '(bool Success, string Message)' does not contain a definition for 'Ok' and no accessible extension method 'Ok' accepting a first argument of type '(bool Success, string Message)' could be found (are you missing a using directive or an assembly reference?) [C:\QuanLyNhanVien\QuanLyNhanVien.Tests\QuanLyNhanVien.Tests.csproj]
C:\QuanLyNhanVien\QuanLyNhanVien.Tests\DepartmentServiceTests.cs(81,54): error CS1061: '(bool Success, string Message)' does not contain a definition for 'Msg' and no accessible extension method 'Msg' accepting a first argument of type '(bool Success, string Message)' could be found (are you missing a using directive or an assembly reference?) [C:\QuanLyNhanVien\QuanLyNhanVien.Tests\QuanLyNhanVien.Tests.csproj]
C:\QuanLyNhanVien\QuanLyNhanVien.Tests\PositionServiceTests.cs(71,33): error CS1061: '(bool Success, string Message)' does not contain a definition for 'Ok' and no accessible extension method 'Ok' accepting a first argument of type '(bool Success, string Message)' could be found (are you missing a using directive or an assembly reference?) [C:\QuanLyNhanVien\QuanLyNhanVien.Tests\QuanLyNhanVien.Tests.csproj]
C:\QuanLyNhanVien\QuanLyNhanVien.Tests\PositionServiceTests.cs(72,49): error CS1061: '(bool Success, string Message)' does not contain a definition for 'Msg' and no accessible extension method 'Msg' accepting a first argument of type '(bool Success, string Message)' could be found (are you missing a using directive or an assembly reference?) [C:\QuanLyNhanVien\QuanLyNhanVien.Tests\QuanLyNhanVien.Tests.csproj]
C:\QuanLyNhanVien\QuanLyNhanVien.Tests\UserServiceTests.cs(71,37): error CS1501: No overload for method 'ResetPasswordAsync' takes 2 arguments [C:\QuanLyNhanVien\QuanLyNhanVien.Tests\QuanLyNhanVien.Tests.csproj]
C:\QuanLyNhanVien\QuanLyNhanVien.Tests\PositionServiceTests.cs(82,32): error CS1061: '(bool Success, string Message)' does not contain a definition for 'Ok' and no accessible extension method 'Ok' accepting a first argument of type '(bool Success, string Message)' could be found (are you missing a using directive or an assembly reference?) [C:\QuanLyNhanVien\QuanLyNhanVien.Tests\QuanLyNhanVien.Tests.csproj]
C:\QuanLyNhanVien\QuanLyNhanVien.Tests\DepartmentServiceTests.cs(92,33): error CS1061: '(bool Success, string Message)' does not contain a definition for 'Ok' and no accessible extension method 'Ok' accepting a first argument of type '(bool Success, string Message)' could be found (are you missing a using directive or an assembly reference?) [C:\QuanLyNhanVien\QuanLyNhanVien.Tests\QuanLyNhanVien.Tests.csproj]
C:\QuanLyNhanVien\QuanLyNhanVien.Tests\DepartmentServiceTests.cs(93,49): error CS1061: '(bool Success, string Message)' does not contain a definition for 'Msg' and no accessible extension method 'Msg' accepting a first argument of type '(bool Success, string Message)' could be found (are you missing a using directive or an assembly reference?) [C:\QuanLyNhanVien\QuanLyNhanVien.Tests\QuanLyNhanVien.Tests.csproj]
C:\QuanLyNhanVien\QuanLyNhanVien.Tests\UserServiceTests.cs(84,37): error CS1501: No overload for method 'ResetPasswordAsync' takes 2 arguments [C:\QuanLyNhanVien\QuanLyNhanVien.Tests\QuanLyNhanVien.Tests.csproj]
C:\QuanLyNhanVien\QuanLyNhanVien.Tests\UserServiceTests.cs(96,37): error CS1501: No overload for method 'DeactivateAsync' takes 2 arguments [C:\QuanLyNhanVien\QuanLyNhanVien.Tests\QuanLyNhanVien.Tests.csproj]
C:\QuanLyNhanVien\QuanLyNhanVien.Tests\DepartmentServiceTests.cs(105,32): error CS1061: '(bool Success, string Message)' does not contain a definition for 'Ok' and no accessible extension method 'Ok' accepting a first argument of type '(bool Success, string Message)' could be found (are you missing a using directive or an assembly reference?) [C:\QuanLyNhanVien\QuanLyNhanVien.Tests\QuanLyNhanVien.Tests.csproj]
C:\QuanLyNhanVien\QuanLyNhanVien.Tests\UserServiceTests.cs(106,37): error CS1501: No overload for method 'DeactivateAsync' takes 2 arguments [C:\QuanLyNhanVien\QuanLyNhanVien.Tests\QuanLyNhanVien.Tests.csproj]
C:\QuanLyNhanVien\QuanLyNhanVien.Tests\UserServiceTests.cs(118,37): error CS1501: No overload for method 'DeactivateAsync' takes 2 arguments [C:\QuanLyNhanVien\QuanLyNhanVien.Tests\QuanLyNhanVien.Tests.csproj]

Build FAILED.

C:\QuanLyNhanVien\QuanLyNhanVien.Tests\UserServiceTests.cs(33,37): error CS1061: 'UserService' does not contain a definition for 'CreateUserAsync' and no accessible extension method 'CreateUserAsync' accepting a first argument of type 'UserService' could be found (are you missing a using directive or an assembly reference?) [C:\QuanLyNhanVien\QuanLyNhanVien.Tests\QuanLyNhanVien.Tests.csproj]
C:\QuanLyNhanVien\QuanLyNhanVien.Tests\DepartmentServiceTests.cs(29,33): error CS1061: '(bool Success, string Message, int Id)' does not contain a definition for 'Ok' and no accessible extension method 'Ok' accepting a first argument of type '(bool Success, string Message, int Id)' could be found (are you missing a using directive or an assembly reference?) [C:\QuanLyNhanVien\QuanLyNhanVien.Tests\QuanLyNhanVien.Tests.csproj]
C:\QuanLyNhanVien\QuanLyNhanVien.Tests\DepartmentServiceTests.cs(30,53): error CS1061: '(bool Success, string Message, int Id)' does not contain a definition for 'Msg' and no accessible extension method 'Msg' accepting a first argument of type '(bool Success, string Message, int Id)' could be found (are you missing a using directive or an assembly reference?) [C:\QuanLyNhanVien\QuanLyNhanVien.Tests\QuanLyNhanVien.Tests.csproj]
C:\QuanLyNhanVien\QuanLyNhanVien.Tests\PositionServiceTests.cs(29,33): error CS1061: '(bool Success, string Message, int Id)' does not contain a definition for 'Ok' and no accessible extension method 'Ok' accepting a first argument of type '(bool Success, string Message, int Id)' could be found (are you missing a using directive or an assembly reference?) [C:\QuanLyNhanVien\QuanLyNhanVien.Tests\QuanLyNhanVien.Tests.csproj]
C:\QuanLyNhanVien\QuanLyNhanVien.Tests\PositionServiceTests.cs(30,51): error CS1061: '(bool Success, string Message, int Id)' does not contain a definition for 'Msg' and no accessible extension method 'Msg' accepting a first argument of type '(bool Success, string Message, int Id)' could be found (are you missing a using directive or an assembly reference?) [C:\QuanLyNhanVien\QuanLyNhanVien.Tests\QuanLyNhanVien.Tests.csproj]
C:\QuanLyNhanVien\QuanLyNhanVien.Tests\DepartmentServiceTests.cs(38,33): error CS1061: '(bool Success, string Message, int Id)' does not contain a definition for 'Ok' and no accessible extension method 'Ok' accepting a first argument of type '(bool Success, string Message, int Id)' could be found (are you missing a using directive or an assembly reference?) [C:\QuanLyNhanVien\QuanLyNhanVien.Tests\QuanLyNhanVien.Tests.csproj]
C:\QuanLyNhanVien\QuanLyNhanVien.Tests\DepartmentServiceTests.cs(39,52): error CS1061: '(bool Success, string Message, int Id)' does not contain a definition for 'Msg' and no accessible extension method 'Msg' accepting a first argument of type '(bool Success, string Message, int Id)' could be found (are you missing a using directive or an assembly reference?) [C:\QuanLyNhanVien\QuanLyNhanVien.Tests\QuanLyNhanVien.Tests.csproj]
C:\QuanLyNhanVien\QuanLyNhanVien.Tests\UserServiceTests.cs(44,37): error CS1061: 'UserService' does not contain a definition for 'CreateUserAsync' and no accessible extension method 'CreateUserAsync' accepting a first argument of type 'UserService' could be found (are you missing a using directive or an assembly reference?) [C:\QuanLyNhanVien\QuanLyNhanVien.Tests\QuanLyNhanVien.Tests.csproj]
C:\QuanLyNhanVien\QuanLyNhanVien.Tests\DepartmentServiceTests.cs(49,32): error CS1061: '(bool Success, string Message, int Id)' does not contain a definition for 'Ok' and no accessible extension method 'Ok' accepting a first argument of type '(bool Success, string Message, int Id)' could be found (are you missing a using directive or an assembly reference?) [C:\QuanLyNhanVien\QuanLyNhanVien.Tests\QuanLyNhanVien.Tests.csproj]
C:\QuanLyNhanVien\QuanLyNhanVien.Tests\PositionServiceTests.cs(40,32): error CS1061: '(bool Success, string Message, int Id)' does not contain a definition for 'Ok' and no accessible extension method 'Ok' accepting a first argument of type '(bool Success, string Message, int Id)' could be found (are you missing a using directive or an assembly reference?) [C:\QuanLyNhanVien\QuanLyNhanVien.Tests\QuanLyNhanVien.Tests.csproj]
C:\QuanLyNhanVien\QuanLyNhanVien.Tests\PositionServiceTests.cs(50,33): error CS1061: '(bool Success, string Message)' does not contain a definition for 'Ok' and no accessible extension method 'Ok' accepting a first argument of type '(bool Success, string Message)' could be found (are you missing a using directive or an assembly reference?) [C:\QuanLyNhanVien\QuanLyNhanVien.Tests\QuanLyNhanVien.Tests.csproj]
C:\QuanLyNhanVien\QuanLyNhanVien.Tests\DepartmentServiceTests.cs(59,33): error CS1061: '(bool Success, string Message)' does not contain a definition for 'Ok' and no accessible extension method 'Ok' accepting a first argument of type '(bool Success, string Message)' could be found (are you missing a using directive or an assembly reference?) [C:\QuanLyNhanVien\QuanLyNhanVien.Tests\QuanLyNhanVien.Tests.csproj]
C:\QuanLyNhanVien\QuanLyNhanVien.Tests\DepartmentServiceTests.cs(69,32): error CS1061: '(bool Success, string Message)' does not contain a definition for 'Ok' and no accessible extension method 'Ok' accepting a first argument of type '(bool Success, string Message)' could be found (are you missing a using directive or an assembly reference?) [C:\QuanLyNhanVien\QuanLyNhanVien.Tests\QuanLyNhanVien.Tests.csproj]
C:\QuanLyNhanVien\QuanLyNhanVien.Tests\PositionServiceTests.cs(60,32): error CS1061: '(bool Success, string Message)' does not contain a definition for 'Ok' and no accessible extension method 'Ok' accepting a first argument of type '(bool Success, string Message)' could be found (are you missing a using directive or an assembly reference?) [C:\QuanLyNhanVien\QuanLyNhanVien.Tests\QuanLyNhanVien.Tests.csproj]
C:\QuanLyNhanVien\QuanLyNhanVien.Tests\UserServiceTests.cs(59,37): error CS1061: 'UserService' does not contain a definition for 'CreateUserAsync' and no accessible extension method 'CreateUserAsync' accepting a first argument of type 'UserService' could be found (are you missing a using directive or an assembly reference?) [C:\QuanLyNhanVien\QuanLyNhanVien.Tests\QuanLyNhanVien.Tests.csproj]
C:\QuanLyNhanVien\QuanLyNhanVien.Tests\DepartmentServiceTests.cs(80,33): error CS1061: '(bool Success, string Message)' does not contain a definition for 'Ok' and no accessible extension method 'Ok' accepting a first argument of type '(bool Success, string Message)' could be found (are you missing a using directive or an assembly reference?) [C:\QuanLyNhanVien\QuanLyNhanVien.Tests\QuanLyNhanVien.Tests.csproj]
C:\QuanLyNhanVien\QuanLyNhanVien.Tests\DepartmentServiceTests.cs(81,54): error CS1061: '(bool Success, string Message)' does not contain a definition for 'Msg' and no accessible extension method 'Msg' accepting a first argument of type '(bool Success, string Message)' could be found (are you missing a using directive or an assembly reference?) [C:\QuanLyNhanVien\QuanLyNhanVien.Tests\QuanLyNhanVien.Tests.csproj]
C:\QuanLyNhanVien\QuanLyNhanVien.Tests\PositionServiceTests.cs(71,33): error CS1061: '(bool Success, string Message)' does not contain a definition for 'Ok' and no accessible extension method 'Ok' accepting a first argument of type '(bool Success, string Message)' could be found (are you missing a using directive or an assembly reference?) [C:\QuanLyNhanVien\QuanLyNhanVien.Tests\QuanLyNhanVien.Tests.csproj]
C:\QuanLyNhanVien\QuanLyNhanVien.Tests\PositionServiceTests.cs(72,49): error CS1061: '(bool Success, string Message)' does not contain a definition for 'Msg' and no accessible extension method 'Msg' accepting a first argument of type '(bool Success, string Message)' could be found (are you missing a using directive or an assembly reference?) [C:\QuanLyNhanVien\QuanLyNhanVien.Tests\QuanLyNhanVien.Tests.csproj]
C:\QuanLyNhanVien\QuanLyNhanVien.Tests\UserServiceTests.cs(71,37): error CS1501: No overload for method 'ResetPasswordAsync' takes 2 arguments [C:\QuanLyNhanVien\QuanLyNhanVien.Tests\QuanLyNhanVien.Tests.csproj]
C:\QuanLyNhanVien\QuanLyNhanVien.Tests\PositionServiceTests.cs(82,32): error CS1061: '(bool Success, string Message)' does not contain a definition for 'Ok' and no accessible extension method 'Ok' accepting a first argument of type '(bool Success, string Message)' could be found (are you missing a using directive or an assembly reference?) [C:\QuanLyNhanVien\QuanLyNhanVien.Tests\QuanLyNhanVien.Tests.csproj]
C:\QuanLyNhanVien\QuanLyNhanVien.Tests\DepartmentServiceTests.cs(92,33): error CS1061: '(bool Success, string Message)' does not contain a definition for 'Ok' and no accessible extension method 'Ok' accepting a first argument of type '(bool Success, string Message)' could be found (are you missing a using directive or an assembly reference?) [C:\QuanLyNhanVien\QuanLyNhanVien.Tests\QuanLyNhanVien.Tests.csproj]
C:\QuanLyNhanVien\QuanLyNhanVien.Tests\DepartmentServiceTests.cs(93,49): error CS1061: '(bool Success, string Message)' does not contain a definition for 'Msg' and no accessible extension method 'Msg' accepting a first argument of type '(bool Success, string Message)' could be found (are you missing a using directive or an assembly reference?) [C:\QuanLyNhanVien\QuanLyNhanVien.Tests\QuanLyNhanVien.Tests.csproj]
C:\QuanLyNhanVien\QuanLyNhanVien.Tests\UserServiceTests.cs(84,37): error CS1501: No overload for method 'ResetPasswordAsync' takes 2 arguments [C:\QuanLyNhanVien\QuanLyNhanVien.Tests\QuanLyNhanVien.Tests.csproj]
C:\QuanLyNhanVien\QuanLyNhanVien.Tests\UserServiceTests.cs(96,37): error CS1501: No overload for method 'DeactivateAsync' takes 2 arguments [C:\QuanLyNhanVien\QuanLyNhanVien.Tests\QuanLyNhanVien.Tests.csproj]
C:\QuanLyNhanVien\QuanLyNhanVien.Tests\DepartmentServiceTests.cs(105,32): error CS1061: '(bool Success, string Message)' does not contain a definition for 'Ok' and no accessible extension method 'Ok' accepting a first argument of type '(bool Success, string Message)' could be found (are you missing a using directive or an assembly reference?) [C:\QuanLyNhanVien\QuanLyNhanVien.Tests\QuanLyNhanVien.Tests.csproj]
C:\QuanLyNhanVien\QuanLyNhanVien.Tests\UserServiceTests.cs(106,37): error CS1501: No overload for method 'DeactivateAsync' takes 2 arguments [C:\QuanLyNhanVien\QuanLyNhanVien.Tests\QuanLyNhanVien.Tests.csproj]
C:\QuanLyNhanVien\QuanLyNhanVien.Tests\UserServiceTests.cs(118,37): error CS1501: No overload for method 'DeactivateAsync' takes 2 arguments [C:\QuanLyNhanVien\QuanLyNhanVien.Tests\QuanLyNhanVien.Tests.csproj]
    0 Warning(s)
    28 Error(s)

Time Elapsed 00:00:07.30
